
> vibe-generated-app@1.0.0 dev
> vite


  VITE v5.4.20  ready in 246 ms

  ➜  Local:   http://localhost:3000/
  ➜  Network: http://172.20.56.94:3000/
10:31:54 AM [vite] Pre-transform error: Transform failed with 1 error:
/home/workspace/src/components/TrainHero.jsx:84:47: ERROR: Expected ")" but found ":"
10:31:55 AM [vite] Internal server error: Transform failed with 1 error:
/home/workspace/src/components/TrainHero.jsx:84:47: ERROR: Expected ")" but found ":"
  Plugin: vite:esbuild
  File: /home/workspace/src/components/TrainHero.jsx:84:47
  
  Expected ")" but found ":"
  82 |  }
  83 |  
  84 |  function TrainCar({ colorFrom, colorTo, label }: { colorFrom: string; colorTo: string; label: string }) {
     |                                                 ^
  85 |    return (
  86 |      <div className="relative h-24 w-36 rounded-xl bg-white p-2 shadow-lg">
  
      at failureErrorWithLog (/home/workspace/node_modules/esbuild/lib/main.js:1472:15)
      at /home/workspace/node_modules/esbuild/lib/main.js:755:50
      at responseCallbacks.<computed> (/home/workspace/node_modules/esbuild/lib/main.js:622:9)
      at handleIncomingPacket (/home/workspace/node_modules/esbuild/lib/main.js:677:12)
      at Socket.readFromStdout (/home/workspace/node_modules/esbuild/lib/main.js:600:7)
      at Socket.emit (node:events:508:28)
      at addChunk (node:internal/streams/readable:559:12)
      at readableAddChunkPushByteMode (node:internal/streams/readable:510:3)
      at Readable.push (node:internal/streams/readable:390:5)
      at Pipe.onStreamRead (node:internal/stream_base_commons:189:23)
10:31:59 AM [vite] Internal server error: Transform failed with 1 error:
/home/workspace/src/components/TrainHero.jsx:84:47: ERROR: Expected ")" but found ":"
  Plugin: vite:esbuild
  File: /home/workspace/src/components/TrainHero.jsx:84:47
  
  Expected ")" but found ":"
  82 |  }
  83 |  
  84 |  function TrainCar({ colorFrom, colorTo, label }: { colorFrom: string; colorTo: string; label: string }) {
     |                                                 ^
  85 |    return (
  86 |      <div className="relative h-24 w-36 rounded-xl bg-white p-2 shadow-lg">
  
      at failureErrorWithLog (/home/workspace/node_modules/esbuild/lib/main.js:1472:15)
      at /home/workspace/node_modules/esbuild/lib/main.js:755:50
      at responseCallbacks.<computed> (/home/workspace/node_modules/esbuild/lib/main.js:622:9)
      at handleIncomingPacket (/home/workspace/node_modules/esbuild/lib/main.js:677:12)
      at Socket.readFromStdout (/home/workspace/node_modules/esbuild/lib/main.js:600:7)
      at Socket.emit (node:events:508:28)
      at addChunk (node:internal/streams/readable:559:12)
      at readableAddChunkPushByteMode (node:internal/streams/readable:510:3)
      at Readable.push (node:internal/streams/readable:390:5)
      at Pipe.onStreamRead (node:internal/stream_base_commons:189:23)
10:32:11 AM [vite] Internal server error: Transform failed with 1 error:
/home/workspace/src/components/TrainHero.jsx:84:47: ERROR: Expected ")" but found ":"
  Plugin: vite:esbuild
  File: /home/workspace/src/components/TrainHero.jsx:84:47
  
  Expected ")" but found ":"
  82 |  }
  83 |  
  84 |  function TrainCar({ colorFrom, colorTo, label }: { colorFrom: string; colorTo: string; label: string }) {
     |                                                 ^
  85 |    return (
  86 |      <div className="relative h-24 w-36 rounded-xl bg-white p-2 shadow-lg">
  
      at failureErrorWithLog (/home/workspace/node_modules/esbuild/lib/main.js:1472:15)
      at /home/workspace/node_modules/esbuild/lib/main.js:755:50
      at responseCallbacks.<computed> (/home/workspace/node_modules/esbuild/lib/main.js:622:9)
      at handleIncomingPacket (/home/workspace/node_modules/esbuild/lib/main.js:677:12)
      at Socket.readFromStdout (/home/workspace/node_modules/esbuild/lib/main.js:600:7)
      at Socket.emit (node:events:508:28)
      at addChunk (node:internal/streams/readable:559:12)
      at readableAddChunkPushByteMode (node:internal/streams/readable:510:3)
      at Readable.push (node:internal/streams/readable:390:5)
      at Pipe.onStreamRead (node:internal/stream_base_commons:189:23)
